// Jest Snapshot v1, https://goo.gl/fbAQLP

exports[`App component smoke and snapshot should match the snapshot 1`] = `
<DocumentFragment>
  <div
    data-testid="app"
  >
    <div
      data-testid="mocked-navbar"
    />
    <div
      data-testid="mocked-routes"
    />
  </div>
</DocumentFragment>
`;
