// Jest Snapshot v1, https://goo.gl/fbAQLP

exports[`JobCard smoke and snapshot should match the snapshot 1`] = `
<DocumentFragment>
  <div
    class="Home-content"
    data-testid="Home-content"
  >
    <h1
      class="Home-title"
    >
      Jobly
    </h1>
    <p
      class="Home-text"
    >
      All the jobs in one, convenient place.
    </p>
    <h2
      class="Home-greeting"
      data-testid="Home-greeting-message"
    >
      Welcome Back, testuser!
    </h2>
  </div>
</DocumentFragment>
`;
